// Jest Snapshot v1, https://goo.gl/fbAQLP

exports[`renders a .add-form by default 1`] = `
<form
  className="add-form"
  onSubmit={[Function]}
>
  <h2>
    Add an animal to the database (*  indicates a required field)
  </h2>
  <fieldset>
    <legend>
      Add Form
    </legend>
    <label
      className="main-label"
      htmlFor="pet_type"
    >
      Select an animal type *
    </label>
    <label
      htmlFor="container"
    >
      <input
        aria-label="select pet type"
        id="dog"
        name="pet_type"
        onChange={[Function]}
        required={true}
        type="radio"
        value="dog"
      />
      <span
        className="checkmark"
      />
      Dog
    </label>
    <label
      htmlFor="container"
    >
      <input
        aria-label="select pet type"
        id="cat"
        name="pet_type"
        onChange={[Function]}
        type="radio"
        value="cat"
      />
      <span
        className="checkmark"
      />
      Cat
    </label>
    <label
      htmlFor="container"
    >
      <input
        aria-label="select pet type"
        id="bird"
        name="pet_type"
        onChange={[Function]}
        type="radio"
        value="bird"
      />
      <span
        className="checkmark"
      />
      Bird
    </label>
    <label
      className="main-label"
      htmlFor="name"
    >
      Name *
    </label>
    <input
      aria-describedby="nameError"
      aria-invalid={false}
      aria-label="add-name"
      aria-required="true"
      id="name"
      name="name"
      onChange={[Function]}
      type="text"
      value=""
    />
    <label
      className="main-label"
      htmlFor="sex"
    >
      Sex *
    </label>
    <label
      htmlFor="container"
    >
      <input
        aria-label="add-male-sex"
        id="male"
        name="sex"
        onChange={[Function]}
        required={true}
        type="radio"
        value="male"
      />
      <span
        className="checkmark"
      />
      Male
    </label>
    <label
      htmlFor="container"
    >
      <input
        aria-label="add-female-sex"
        id="female"
        name="sex"
        onChange={[Function]}
        type="radio"
        value="female"
      />
      <span
        className="checkmark"
      />
      Female
    </label>
    <label
      className="main-label"
      htmlFor="age"
    >
      Age *
    </label>
    <input
      aria-label="add-age"
      id="age"
      name="age"
      onChange={[Function]}
      required={true}
      type="text"
      value=""
    />
    <button
      aria-label="submit-button"
      className="submit-button"
      disabled="Name is required"
      type="submit"
    >
      Submit
    </button>
  </fieldset>
</form>
`;
